// Jest Snapshot v1, https://goo.gl/fbAQLP

exports[`snapshot - InfiniteCalendar 1`] = `
.emotion-0 {
  background-color: #fff;
  position: relative;
  height: 100%;
  width: 100%;
  font-family: -apple-system,BlinkMacSystemFont,"Segoe UI","Roboto","Oxygen","Ubuntu","Cantarell","Fira Sans","Droid Sans","Helvetica Neue",sans-serif;
  -webkit-font-smoothing: antialiased;
  box-sizing: border-box;
}

.emotion-1 {
  position: -webkit-sticky;
  position: sticky;
  top: 0;
  left: 0;
  right: 0;
  background: #fff;
  z-index: 10;
  display: -webkit-box;
  display: -webkit-flex;
  display: -ms-flexbox;
  display: flex;
  -webkit-flex-direction: row;
  -ms-flex-direction: row;
  flex-direction: row;
  -webkit-box-flex-wrap: wrap;
  -webkit-flex-wrap: wrap;
  -ms-flex-wrap: wrap;
  flex-wrap: wrap;
  -webkit-align-items: center;
  -webkit-box-align: center;
  -ms-flex-align: center;
  align-items: center;
  -webkit-align-content: center;
  -ms-flex-line-pack: center;
  align-content: center;
  width: 100%;
  box-sizing: border-box;
}

.emotion-2 {
  display: -webkit-box;
  display: -webkit-flex;
  display: -ms-flexbox;
  display: flex;
  -webkit-align-items: center;
  -webkit-box-align: center;
  -ms-flex-align: center;
  align-items: center;
  -webkit-box-pack: center;
  -ms-flex-pack: center;
  -webkit-justify-content: center;
  justify-content: center;
  -webkit-flex-direction: column;
  -ms-flex-direction: column;
  flex-direction: column;
  -webkit-box-flex: 0;
  -webkit-flex-grow: 0;
  -ms-flex-positive: 0;
  flex-grow: 0;
  -webkit-flex-basis: calc(100% / 7);
  -ms-flex-preferred-size: calc(100% / 7);
  flex-basis: calc(100% / 7);
  width: calc(100% / 7);
  font-size: 10px;
  text-transform: uppercase;
  padding: 0.5rem 0;
  font-weight: 700;
  color: red;
  box-sizing: border-box;
}

.emotion-3 {
  display: -webkit-box;
  display: -webkit-flex;
  display: -ms-flexbox;
  display: flex;
  -webkit-align-items: center;
  -webkit-box-align: center;
  -ms-flex-align: center;
  align-items: center;
  -webkit-box-pack: center;
  -ms-flex-pack: center;
  -webkit-justify-content: center;
  justify-content: center;
  -webkit-flex-direction: column;
  -ms-flex-direction: column;
  flex-direction: column;
  -webkit-box-flex: 0;
  -webkit-flex-grow: 0;
  -ms-flex-positive: 0;
  flex-grow: 0;
  -webkit-flex-basis: calc(100% / 7);
  -ms-flex-preferred-size: calc(100% / 7);
  flex-basis: calc(100% / 7);
  width: calc(100% / 7);
  font-size: 10px;
  text-transform: uppercase;
  padding: 0.5rem 0;
  font-weight: 700;
  color: #424242;
  box-sizing: border-box;
}

<div>
  <div
    class="infinite-calendar__calendar-container emotion-0"
  >
    <div
      class="infinite-calendar__week-container emotion-1"
      style="height: 27.5px;"
    >
      <div
        class="infinite-calendar__weekCell emotion-2"
      >
        Su
      </div>
      <div
        class="infinite-calendar__weekCell emotion-3"
      >
        Mo
      </div>
      <div
        class="infinite-calendar__weekCell emotion-3"
      >
        Tu
      </div>
      <div
        class="infinite-calendar__weekCell emotion-3"
      >
        We
      </div>
      <div
        class="infinite-calendar__weekCell emotion-3"
      >
        Th
      </div>
      <div
        class="infinite-calendar__weekCell emotion-3"
      >
        Fr
      </div>
      <div
        class="infinite-calendar__weekCell emotion-2"
      >
        Sa
      </div>
    </div>
    <div
      style="overflow: visible; height: 0px; width: 0px;"
    />
    <div
      class="resize-triggers"
    >
      <div
        class="expand-trigger"
      >
        <div
          style="width: 1px; height: 1px;"
        />
      </div>
      <div
        class="contract-trigger"
      />
    </div>
  </div>
</div>
`;
